--2026-09-13 20:26:04--  https://www.srcorp.com.au/
Resolving www.srcorp.com.au (www.srcorp.com.au)... 2a06:98c1:3120::3, 2a06:98c1:3121::3, 188.114.97.3, ...
Connecting to www.srcorp.com.au (www.srcorp.com.au)|2a06:98c1:3120::3|:443... connected.
HTTP request sent, awaiting response... 200 OK
Length: unspecified [text/html]
Saving to: ‘srcorp-archive-2026-09-13/www.srcorp.com.au/index.html’

     0K .......... .......... .......... .......... .......... 5.29M
    50K .......... .......... .......... .......... .......... 3.88M
   100K .......... .......... .......... .......... .......... 7.61M
   150K .......... .......... .......... .......... .......... 4.72M
   200K .......... .......... .......... .......... .......... 8.97M
   250K .......... .......... .......... .......... .......... 30.7M
   300K .......... .......... .......... .......... .......... 11.0M
   350K .......... .........                                    283M=0.05s

Last-modified header missing -- time-stamps turned off.
2026-09-13 20:26:05 (7.20 MB/s) - ‘srcorp-archive-2026-09-13/www.srcorp.com.au/index.html’ saved [378297]

Loading robots.txt; please ignore errors.
--2026-09-13 20:26:05--  https://www.srcorp.com.au/robots.txt
Reusing existing connection to [www.srcorp.com.au]:443.
HTTP request sent, awaiting response... 200 OK
Length: unspecified [text/plain]
Saving to: ‘srcorp-archive-2026-09-13/www.srcorp.com.au/robots.txt’

     0K .                                                      1.40G=0s

2026-09-13 20:26:05 (1.40 GB/s) - ‘srcorp-archive-2026-09-13/www.srcorp.com.au/robots.txt’ saved [1508]

--2026-09-13 20:26:06--  https://www.srcorp.com.au/cart
Reusing existing connection to [www.srcorp.com.au]:443.
HTTP request sent, awaiting response... 200 OK
Length: unspecified [text/html]
Saving to: ‘srcorp-archive-2026-09-13/www.srcorp.com.au/cart.html’

     0K .......... .......... .......... .......... .......... 4.19M
    50K .......... .......... .......... .......... .......... 3.04M
   100K .......... .......... .......... .......... .......... 17.9M
   150K .......... .......... .......... .......... .......... 43.5M
   200K .......... .......... .......... .......... .......... 36.7M
   250K .......... .......... .......... .......... .......... 15.0M
   300K .......... .......... .......... .......... ..........  461M
   350K .......... .......... .......... .......... .......... 13.0M
   400K .......... .......... .......... .......... .......... 50.9M
   450K .......... .......... .......... .......... .......... 28.2M
   500K .......... .......... .......... .......... .......... 22.5M
   550K .......... .......... .......... .......... .......... 12.1M
   600K .......... .......... .......... .......... ..........  763M
   650K .......... .......... .......... .......... .......... 14.9M
   700K .......... .......... .......... .......... .......... 14.8M
   750K .......... .......... .......... .......... .......... 10.2M
   800K .......... .......... .......... .......... .......... 82.6M
   850K .......... .......... .......... .......... .......... 57.4M
   900K .......... .......... .......... .......... .......... 27.0M
   950K .......... .......... .......... .......... .......... 70.0M
  1000K .......... .......... .......... .......... .......... 29.4M
  1050K .......... .......... .......... .......... .......... 56.2M
  1100K .......... .......... .......... .......... .......... 45.4M
  1150K .......... .......                                      435M=0.07s

Last-modified header missing -- time-stamps turned off.
2026-09-13 20:26:06 (16.8 MB/s) - ‘srcorp-archive-2026-09-13/www.srcorp.com.au/cart.html’ saved [1195854]

--2026-09-13 20:26:06--  https://www.srcorp.com.au/about-us
Reusing existing connection to [www.srcorp.com.au]:443.
HTTP request sent, awaiting response... 200 OK
Length: unspecified [text/html]
Saving to: ‘srcorp-archive-2026-09-13/www.srcorp.com.au/about-us.html’

     0K .......... .......... .......... .......... ..........  258M
    50K .......... .......... .......... .......... .......... 34.3M
   100K .......... .......... .......... .......... .......... 55.6M
   150K .......... .......... .......... .......... ..........  199M
   200K .......... .......... .......... .......... .......... 41.6M
   250K .......... .......... .......... .......... .......... 51.0M
   300K .......... .......... .......... .......... ..........  132M
   350K .......... .......... .......... .......... .......... 43.4M
   400K .......... .......... .......... .......... ..........  212M
   450K .......... .......... .......... .......... .......... 64.4M
   500K .......... .......... .......... .......... .......... 30.5M
   550K .......... .......... .......... .......... ..........  440M
   600K .......... .......... .......... .......... .......... 41.0M
   650K .......... .......... .......... .......... ..........  488M
   700K .......... .......... .......... .......... .......... 65.8M
   750K .......... .......... .......... .......... .......... 22.2M
   800K .......... .......... .......... .......... .......... 50.5M
   850K .......... .......... .......... .......... .......... 66.4M
   900K .......... .......... .......... .......... .......... 74.8M
   950K .......... .......... .......... .......... .......... 76.8M
  1000K .......... .......... .......... .......... .......... 61.3M
  1050K .......... .......... .......... .......... .......... 65.6M
  1100K .......... .......... .......... .......... ..........  175M
  1150K .......... .......... .......... .......... .......... 57.0M
  1200K .......... .......... .......... .......... .......... 47.0M
  1250K .......... .......... .......... .......... .......... 40.8M
  1300K .......... .......... .......... .......... .......... 3.15M
  1350K .......... .......... .......... .......... .......... 48.2M
  1400K .......... .......... .......... .......... .......... 49.5M
  1450K .......... .......... .......... .......... .......... 94.4M
  1500K .......... .......... .......... .......... .......... 57.2M
  1550K .......... .......... .......... .......... .......... 54.4M
  1600K .......... .......... .......... .......... .......... 56.0M
  1650K .......... .......... .......... .......... ..........  107M
  1700K .......... .......... .......... .......... .......... 34.1M
  1750K .......... .......... .......... .......... ..........  110M
  1800K .......... .......... .......... .......... .......... 63.7M
  1850K .......... .......... .......... .......... .......... 97.7M
  1900K .......... .......... .......... .......... .......... 61.9M
  1950K .......... .......... .......... .......... ..........  174M
  2000K .......... .......... .......... .......... .......... 41.8M
  2050K .......... .......... .......... .......... .......... 61.7M
  2100K .......... .......... .......... .......... .......... 45.8M
  2150K .......... .......... .......... .......... .......... 19.9M
  2200K .......... .......... .......... .......... .......... 49.2M
  2250K .......... .......... .......... .......... .......... 62.8M
  2300K .......... .......... .......... .......... .......... 69.1M
  2350K .......... .......... .......... .......... ..........  112M
  2400K .......... .......... .......... .......... .......... 56.3M
  2450K ..........                                             95.4M=0.06s

Last-modified header missing -- time-stamps turned off.
2026-09-13 20:26:07 (43.0 MB/s) - ‘srcorp-archive-2026-09-13/www.srcorp.com.au/about-us.html’ saved [2519299]

--2026-09-13 20:26:07--  https://www.srcorp.com.au/locations
Reusing existing connection to [www.srcorp.com.au]:443.
HTTP request sent, awaiting response... 200 OK
Length: unspecified [text/html]
Saving to: ‘srcorp-archive-2026-09-13/www.srcorp.com.au/locations.html’

     0K .......... .......... .......... .......... ..........  244M
    50K .......... .......... .......... .......... .......... 83.5M
   100K .......... .......... .......... .......... .......... 45.3M
   150K .......... .......... .......... .......... .......... 62.8M
   200K .......... .......... .......... .......... .......... 33.7M
   250K .......... .......... .......... .......... .......... 94.1M
   300K .......... .......... .......... .......... .......... 81.5M
   350K .......... .......... .......... .......... .......... 57.6M
   400K .......... .......... .......... .......... .......... 68.6M
   450K .......... .......... .......... .......... .......... 51.0M
   500K .......... .......... .......... .......... ..........  186M
   550K .......... .......... .......... .......... .......... 37.7M
   600K .......... .......... .......... .......... .......... 93.7M
   650K .......... .......... .......... .......... .......... 84.9M
   700K .......... .......... .......... .......... .......... 37.6M
   750K .......... .......... .......... .......... ..........  110M
   800K .......... .......... .......... .......... .......... 39.1M
   850K .......... .......... .......... .......... ..........  102M
   900K .......... .......... .......... .......... .......... 29.7M
   950K .......                                                 131M=0.02s

Last-modified header missing -- time-stamps turned off.
2026-09-13 20:26:07 (60.1 MB/s) - ‘srcorp-archive-2026-09-13/www.srcorp.com.au/locations.html’ saved [980772]

--2026-09-13 20:26:08--  https://www.srcorp.com.au/news
Reusing existing connection to [www.srcorp.com.au]:443.
HTTP request sent, awaiting response... 200 OK
Length: unspecified [text/html]
Saving to: ‘srcorp-archive-2026-09-13/www.srcorp.com.au/news.html’

     0K .......... .......... .......... .......... ..........  136M
    50K .......... .......... .......... .......... ..........  273M
   100K .......... .......... .......... .......... .......... 99.2M
   150K .......... .......... .......... .......... ..........  131M
   200K .......... .......... .......... .......... .......... 40.3M
   250K .......... .......... .......... .......... ..........  176M
   300K .......... .......... .......... .......... .......... 57.6M
   350K .......... .......... .......... .......... .......... 72.2M
   400K .......... .......... .......... .......... ..........  103M
   450K .......... .......... .......... .......... ..........  100M
   500K .......... .......... .......... .......... .......... 31.7M
   550K .......... .......... .......... .......... .......    34.8M=0.008s

Last-modified header missing -- time-stamps turned off.
2026-09-13 20:26:08 (70.7 MB/s) - ‘srcorp-archive-2026-09-13/www.srcorp.com.au/news.html’ saved [612108]

--2026-09-13 20:26:09--  https://www.srcorp.com.au/contact
Reusing existing connection to [www.srcorp.com.au]:443.
HTTP request sent, awaiting response... 200 OK
Length: unspecified [text/html]
Saving to: ‘srcorp-archive-2026-09-13/www.srcorp.com.au/contact.html’

     0K .......... .......... .......... .......... ..........  154M
    50K .......... .......... .......... .......... ..........  180M
   100K .......... .......... .......... .......... ......      173M=0.001s

Last-modified header missing -- time-stamps turned off.
2026-09-13 20:26:09 (168 MB/s) - ‘srcorp-archive-2026-09-13/www.srcorp.com.au/contact.html’ saved [149810]

--2026-09-13 20:26:09--  https://www.srcorp.com.au/drop-off-form
Reusing existing connection to [www.srcorp.com.au]:443.
HTTP request sent, awaiting response... 200 OK
Length: unspecified [text/html]
Saving to: ‘srcorp-archive-2026-09-13/www.srcorp.com.au/drop-off-form.html’

     0K .......... .......... .......... .......... .......... 2.49M
    50K .......... .......... .......... .......... .......... 5.88M
   100K .......... .......... .......... .......... .......... 38.7M
   150K .......... .......... .......... .......... ..........  133M
   200K .......... .......... .......... .......... .......... 42.0M
   250K .......... .......... .......... .......... ..........  214M
   300K .......... .......... .......... .......... .......... 45.8M
   350K .......... .......... .......... .......... ..........  109M
   400K .......... .......... .......... .......... .......... 30.8M
   450K .......... .......... .......... .......... ..........  300M
   500K .......... .......... .......... .......... .......... 75.0M
   550K .......... .......... .......... .......... .......... 93.4M
   600K .......... .......... .......... .......... .......... 62.3M
   650K .......... .......                                     22.7M=0.04s

Last-modified header missing -- time-stamps turned off.
2026-09-13 20:26:10 (17.7 MB/s) - ‘srcorp-archive-2026-09-13/www.srcorp.com.au/drop-off-form.html’ saved [683855]

--2026-09-13 20:26:10--  https://www.srcorp.com.au/technology
Reusing existing connection to [www.srcorp.com.au]:443.
HTTP request sent, awaiting response... 200 OK
Length: unspecified [text/html]
Saving to: ‘srcorp-archive-2026-09-13/www.srcorp.com.au/technology.html’

     0K .......... .......... .......... .......... ..........  197M
    50K .......... .......... .......... .......... .......... 90.3M
   100K .......... .......... .......... .......... .......... 64.1M
   150K .......... .......... .......... .......... .......... 59.8M
   200K .......... .......... .......... .......... .......... 32.5M
   250K .......... ..........                                   164M=0.004s

Last-modified header missing -- time-stamps turned off.
2026-09-13 20:26:10 (66.2 MB/s) - ‘srcorp-archive-2026-09-13/www.srcorp.com.au/technology.html’ saved [277360]

--2026-09-13 20:26:10--  https://www.srcorp.com.au/triple-bottom-line
Reusing existing connection to [www.srcorp.com.au]:443.
HTTP request sent, awaiting response... 200 OK
Length: unspecified [text/html]
Saving to: ‘srcorp-archive-2026-09-13/www.srcorp.com.au/triple-bottom-line.html’

     0K .......... .......... .......... .......... .......... 22.3M
    50K .......... .......... .......... .......... .......... 3.87M
   100K .......... .......... .......... .......... ..........  188M
   150K .......... .......... .......... .......... .......... 32.8M
   200K .......... .......... .......... .......... .......... 83.2M
   250K .......... .......... .......... .......... .......... 45.9M
   300K .......... .......... .......... .......... .......... 80.0M
   350K .......... .......... .......... .......... .......... 75.6M
   400K .......... .......... .......... .......... .......... 36.1M
   450K .......... .......... .......... .......... ..........  130M
   500K .......... .......... .......... .......... .......... 47.7M
   550K .......... .......... .......... .......... ..........  216M
   600K .......... .......... .......... .......... .......... 48.2M
   650K .......... .......... .......... .......... .......... 64.0M
   700K .......... .......... .......... .......... .......... 48.8M
   750K .......... .......... .......... .......... .......... 74.0M
   800K .......... .......... .......... .......... .......... 22.4M
   850K .......... .......... .......... .......... .......... 99.0M
   900K .......... .......... .......... .......... .......... 53.6M
   950K .......... .......... .......... .......... .......... 34.5M
  1000K .......... .......... .......... .......... ..........  381M
  1050K .......... .......... .......... .......... .......... 48.2M
  1100K .......... .......... .......... .......... ..........  126M
  1150K .......... .......... .......... .......... ..........  132M
  1200K .......... .......... .......... .......... .......... 40.2M
  1250K .......... .......... .......... .......... .......... 70.8M
  1300K .......... .......... .......... .......... .......... 75.8M
  1350K .......... .......... .......... .......... .......... 71.0M
  1400K .......... .......... .......... .......... ..........  100M
  1450K .......... .......... .......... .......... .......... 73.0M
  1500K .......... .......... .......... .......... .......... 74.9M
  1550K .......... .......... .......... .......... .......... 41.9M
  1600K ....                                                   95.5K=0.04s

Last-modified header missing -- time-stamps turned off.
2026-09-13 20:26:11 (40.2 MB/s) - ‘srcorp-archive-2026-09-13/www.srcorp.com.au/triple-bottom-line.html’ saved [1643288]

--2026-09-13 20:26:12--  https://www.srcorp.com.au/circular-economy
Reusing existing connection to [www.srcorp.com.au]:443.
HTTP request sent, awaiting response... 200 OK
Length: unspecified [text/html]
Saving to: ‘srcorp-archive-2026-09-13/www.srcorp.com.au/circular-economy.html’

     0K .......... .......... .......... .......... ..........  195M
    50K .......... .......... .......... .......... .......... 28.5M
   100K .......... .......... .......... .......... ..........  448M
   150K .......... .....                                        525M=0.002s

Last-modified header missing -- time-stamps turned off.
2026-09-13 20:26:12 (76.6 MB/s) - ‘srcorp-archive-2026-09-13/www.srcorp.com.au/circular-economy.html’ saved [169009]

--2026-09-13 20:26:13--  https://www.srcorp.com.au/partners-1
Reusing existing connection to [www.srcorp.com.au]:443.
HTTP request sent, awaiting response... 200 OK
Length: unspecified [text/html]
Saving to: ‘srcorp-archive-2026-09-13/www.srcorp.com.au/partners-1.html’

     0K .......... .......... .......... .......... ..........  210M
    50K .......... .......... .......... .......... .......... 7.68M
   100K .......... .......... .......... .......... ..........  370M
   150K .......... .......... .......... .......... ..........  574M
   200K .......... .......... .......... .......... ..........  488M
   250K .......... .......... .......... .......... ..........  561M
   300K .......... .......... .......... .......... ..........  493M
   350K .......... .......... .......... .......... ..........  537M
   400K .......... .......... .......... .......... ..........  425M
   450K .......... .......... .......... .......... ..........  595M
   500K .......... .......... .......... .......... ..........  618M
   550K .......... .......... .......... .......... .......... 14.0M
   600K .......... .......... .......... .......... .......... 36.6M
   650K .......... .......... .......... .......... .......... 56.3M
   700K .......... .......... .......... .......... ..........  289M
   750K .......... .......... .......... .......... .......... 54.7M
   800K .......... .......... .......... .......... .......... 85.8M
   850K .......... .......... .......... .......... ..........  104M
   900K .......... .......... .......... .......... .......... 72.3M
   950K .......... .......... .......... .......... .......... 59.9M
  1000K .......... .......... .........                        7.08M=0.02s

Last-modified header missing -- time-stamps turned off.
2026-09-13 20:26:13 (48.4 MB/s) - ‘srcorp-archive-2026-09-13/www.srcorp.com.au/partners-1.html’ saved [1053811]

--2026-09-13 20:26:14--  https://www.srcorp.com.au/research
Reusing existing connection to [www.srcorp.com.au]:443.
HTTP request sent, awaiting response... 200 OK
Length: unspecified [text/html]
Saving to: ‘srcorp-archive-2026-09-13/www.srcorp.com.au/research.html’

     0K .......... .......... .......... .......... .......... 12.0M
    50K .......... .......... .......... .......... .......... 19.3M
   100K .......... .......... .......... .......... .......... 9.52M
   150K .......... .......... .......... .......... .......... 44.6M
   200K .......... .......... .......... .......... .......... 30.9M
   250K .......... .......... .......... .......... .......... 39.7M
   300K .......... .......... .......... .......... ..........  216M
   350K ....                                                   86.4K=0.02s

Last-modified header missing -- time-stamps turned off.
2026-09-13 20:26:14 (21.8 MB/s) - ‘srcorp-archive-2026-09-13/www.srcorp.com.au/research.html’ saved [362822]

--2026-09-13 20:26:15--  https://www.srcorp.com.au/cdn-cgi/l/email-protection
Reusing existing connection to [www.srcorp.com.au]:443.
HTTP request sent, awaiting response... 404 Not Found
2026-09-13 20:26:15 ERROR 404: Not Found.

--2026-09-13 20:26:15--  https://www.srcorp.com.au/terms-conditions
Reusing existing connection to [www.srcorp.com.au]:443.
HTTP request sent, awaiting response... 200 OK
Length: unspecified [text/html]
Saving to: ‘srcorp-archive-2026-09-13/www.srcorp.com.au/terms-conditions.html’

     0K .......... .......... .......... .......... ..........  163M
    50K .......... .......... .......... .......... .......... 31.8M
   100K .......... .......... .......... .......... ..........  394M
   150K .......... .......... .......... .......... ..........  436M
   200K .......... .......... ......                           4.96M=0.007s

Last-modified header missing -- time-stamps turned off.
2026-09-13 20:26:16 (30.3 MB/s) - ‘srcorp-archive-2026-09-13/www.srcorp.com.au/terms-conditions.html’ saved [231977]

--2026-09-13 20:26:16--  https://www.srcorp.com.au/privacy-policy
Reusing existing connection to [www.srcorp.com.au]:443.
HTTP request sent, awaiting response... 200 OK
Length: unspecified [text/html]
Saving to: ‘srcorp-archive-2026-09-13/www.srcorp.com.au/privacy-policy.html’

     0K .......... .......... .......... .......... .......... 2.87M
    50K .......... .......... .......... .......... .......... 1.74M
   100K .......... .......... .......... .......... .......... 73.1M
   150K .......... .......... .......... .......... .......... 35.2M
   200K .......... .......... .......... .......... .......... 73.9M
   250K .......... .......... .......... .......... ..........  498M
   300K .......... .......... .......... .......... .......... 10.1M
   350K .......... .......... .......... .......... ..........  391M
   400K .......... .......... .......... .......... .......... 95.7M
   450K .......... .......... .......... .......... .......... 12.0M
   500K .......... .......... .......... .......... .......... 52.1M
   550K .......... .......... .......... .......... ..........  108M
   600K .......... .......... .......... .......... .......... 84.5M
   650K .......... .......... .......... .......... ..........  121M
   700K .......... .......... .......... .......... .......... 71.7M
   750K .......... .......... .......... .......... .......... 77.1M
   800K .......... .......... .......... .......... .......... 66.3M
   850K .......... .......... .......... .......... ..........  100M
   900K .......... .......... .......... .......... .......... 61.7M
   950K .......... .......... .......... .......... ..........  319M
  1000K .......... .......... .......... .......... .......... 52.7M
  1050K .......... .......... .......... .......... .......... 25.0M
  1100K .......... .......... .......... .......... .......... 90.3M
  1150K .......... .......... .......... .......... ..........  138M
  1200K .......... .......... .......... .......... .......... 66.4M
  1250K .......... .......... .......... .......... .......... 44.3M
  1300K .......... .......... .......... .......... .......... 15.9M
  1350K .......... .......... .......... .......... ..........  237M
  1400K .......... .......... .......... .......... .......... 46.8M
  1450K .......... .......... .......... .......... ..........  129M
  1500K .......... .......... .......... .......... .......... 70.6M
  1550K .......... .......... .......... .......... ..........  315M
  1600K .......... .......... .......... .......... .......... 78.3M
  1650K .......... .......... .......... .......... .......... 97.3M
  1700K .......... .......... .......... .......... .......... 32.3M
  1750K .......... .......... .......... .......... .......... 66.4M
  1800K .......... .......... .......... .......... ..........  101M
  1850K .......... .......... .......... .......... .......... 37.0M
  1900K .......... .......... .......... .......... .......... 40.9M
  1950K .......... .......... .......... .......... ..........  104M
  2000K .......... .......... .......... .......... .......... 3.65M
  2050K .......... .......... .......... .......... .......... 39.4M
  2100K .                                                      39.1K=0.1s

Last-modified header missing -- time-stamps turned off.
2026-09-13 20:26:17 (21.4 MB/s) - ‘srcorp-archive-2026-09-13/www.srcorp.com.au/privacy-policy.html’ saved [2152402]

--2026-09-13 20:26:17--  https://www.srcorp.com.au/cdn-cgi/scripts/5c5dd728/cloudflare-static/email-decode.min.js
Reusing existing connection to [www.srcorp.com.au]:443.
HTTP request sent, awaiting response... 200 OK
Length: 1239 (1.2K) [application/javascript]
Saving to: ‘srcorp-archive-2026-09-13/www.srcorp.com.au/cdn-cgi/scripts/5c5dd728/cloudflare-static/email-decode.min.js’

     0K .                                                     100%  295M=0s

Last-modified header missing -- time-stamps turned off.
2026-09-13 20:26:17 (295 MB/s) - ‘srcorp-archive-2026-09-13/www.srcorp.com.au/cdn-cgi/scripts/5c5dd728/cloudflare-static/email-decode.min.js’ saved [1239/1239]

--2026-09-13 20:26:18--  https://www.srcorp.com.au/news?format=rss
Reusing existing connection to [www.srcorp.com.au]:443.
HTTP request sent, awaiting response... 200 OK
Length: 749 [application/rss+xml]
Saving to: ‘srcorp-archive-2026-09-13/www.srcorp.com.au/news@format=rss’

     0K                                                       100%  179M=0s

Last-modified header missing -- time-stamps turned off.
2026-09-13 20:26:18 (179 MB/s) - ‘srcorp-archive-2026-09-13/www.srcorp.com.au/news@format=rss’ saved [749/749]

FINISHED --2026-09-13 20:26:18--
Total wall clock time: 14s
Downloaded: 17 files, 12M in 0.4s (28.2 MB/s)
Converting links in srcorp-archive-2026-09-13/www.srcorp.com.au/index.html... 47.
32-14
Converting links in srcorp-archive-2026-09-13/www.srcorp.com.au/locations.html... 39.
24-14
Converting links in srcorp-archive-2026-09-13/www.srcorp.com.au/research.html... 39.
24-14
Converting links in srcorp-archive-2026-09-13/www.srcorp.com.au/about-us.html... 48.
33-14
Converting links in srcorp-archive-2026-09-13/www.srcorp.com.au/contact.html... 41.
24-16
Converting links in srcorp-archive-2026-09-13/www.srcorp.com.au/circular-economy.html... 39.
24-14
Converting links in srcorp-archive-2026-09-13/www.srcorp.com.au/news.html... 40.
25-14
Converting links in srcorp-archive-2026-09-13/www.srcorp.com.au/privacy-policy.html... 41.
25-15
Converting links in srcorp-archive-2026-09-13/www.srcorp.com.au/triple-bottom-line.html... 39.
24-14
Converting links in srcorp-archive-2026-09-13/www.srcorp.com.au/cart.html... 38.
23-14
Converting links in srcorp-archive-2026-09-13/www.srcorp.com.au/partners-1.html... 39.
24-14
Converting links in srcorp-archive-2026-09-13/www.srcorp.com.au/technology.html... 45.
30-14
Converting links in srcorp-archive-2026-09-13/www.srcorp.com.au/drop-off-form.html... 39.
24-14
Converting links in srcorp-archive-2026-09-13/www.srcorp.com.au/terms-conditions.html... 40.
25-14
Converted links in 14 files in 0.05 seconds.
